
Memory Configuration

Name             Origin             Length             Attributes
FLASH            0x08000000         0x00008000         xr
RAM              0x20000000         0x00001000         xrw
*default*        0x00000000         0xffffffff

Linker script and memory map


.text           0x08000000      0x414
 *(.vectors)
 .vectors       0x08000000       0xc0 ./output/startup_ARMCM0.o
                0x08000000                __Vectors
                0x080000c0                __Vectors_End = .
                0x000000c0                __Vectors_Size = (__Vectors_End - __Vectors)
                0x080000c0                __end__ = .
 *(.text*)
 .text          0x080000c0      0x350 ./output/main.o
                0x080000c0                Reserved_IRQHandler
                0x080000c6                NMI_Handler
                0x080000cc                HardFault_Handler
                0x080000d2                SVC_Handler
                0x080000d8                PendSV_Handler
                0x080000de                SysTick_Handler
                0x080000e4                delay
                0x08000124                enabled_clock
                0x08000174                init_pin
                0x080001d8                init_interrupt
                0x08000274                led_on
                0x0800029c                led_off
                0x080002c8                fibonaci
                0x080003b8                EXTI0_1_IRQHandler
                0x080003f8                main
 .text          0x08000410        0x4 ./output/startup_ARMCM0.o
                0x08000410                Reset_Handler
 *(.init)
 *(.fini)
 *(.rodata*)
 *(.eh_frame*)

.glue_7         0x08000414        0x0
 .glue_7        0x08000414        0x0 linker stubs

.glue_7t        0x08000414        0x0
 .glue_7t       0x08000414        0x0 linker stubs

.vfp11_veneer   0x08000414        0x0
 .vfp11_veneer  0x08000414        0x0 linker stubs

.v4_bx          0x08000414        0x0
 .v4_bx         0x08000414        0x0 linker stubs

.iplt           0x08000414        0x0
 .iplt          0x08000414        0x0 ./output/main.o

.rel.dyn        0x08000414        0x0
 .rel.iplt      0x08000414        0x0 ./output/main.o

.data           0x20000000        0x0
                0x20000000                __data_start__ = .
 *(vtable)
 *(.data*)
 .data          0x20000000        0x0 ./output/main.o
 .data          0x20000000        0x0 ./output/startup_ARMCM0.o
                0x20000000                __data_end__ = .

.igot.plt       0x20000000        0x0
 .igot.plt      0x20000000        0x0 ./output/main.o

.bss            0x20000000        0x8
                0x20000000                . = ALIGN (0x4)
                0x20000000                __bss_start__ = .
 *(.bss*)
 .bss           0x20000000        0x5 ./output/main.o
                0x20000000                led_state
                0x20000004                check_button
 .bss           0x20000005        0x0 ./output/startup_ARMCM0.o
 *(COMMON)
                0x20000008                . = ALIGN (0x4)
 *fill*         0x20000005        0x3 
                0x20000008                __bss_end__ = .

.heap           0x20000008      0x200
                0x20000008                __HeapBase = .
                0x20000008                __end__ = .
                0x20000008                end = __end__
 *(.heap*)
 .heap          0x20000008      0x200 ./output/startup_ARMCM0.o
                0x20000208                __HeapLimit = .

.stack_dummy    0x20000008      0x100
 *(.stack*)
 .stack         0x20000008      0x100 ./output/startup_ARMCM0.o
                0x20001000                __StackTop = (ORIGIN (RAM) + LENGTH (RAM))
                0x20000f00                __StackLimit = (__StackTop - SIZEOF (.stack_dummy))
                [!provide]                PROVIDE (__stack, __StackTop)
                0x00000001                ASSERT ((__StackLimit >= __HeapLimit), region RAM overflowed with stack)
LOAD ./output/main.o
LOAD ./output/startup_ARMCM0.o
OUTPUT(./output/stm32f0_fibonaci.elf elf32-littlearm)

.debug_info     0x00000000      0xab7
 .debug_info    0x00000000      0xab7 ./output/main.o

.debug_abbrev   0x00000000      0x252
 .debug_abbrev  0x00000000      0x252 ./output/main.o

.debug_aranges  0x00000000       0x20
 .debug_aranges
                0x00000000       0x20 ./output/main.o

.debug_line     0x00000000      0x1d8
 .debug_line    0x00000000      0x1d8 ./output/main.o

.debug_str      0x00000000      0x5c2
 .debug_str     0x00000000      0x5c2 ./output/main.o
                                0x621 (size before relaxing)

.comment        0x00000000       0x7e
 .comment       0x00000000       0x7e ./output/main.o
                                 0x7f (size before relaxing)

.ARM.attributes
                0x00000000       0x2f
 .ARM.attributes
                0x00000000       0x31 ./output/main.o
 .ARM.attributes
                0x00000031       0x1b ./output/startup_ARMCM0.o

.debug_frame    0x00000000      0x1d8
 .debug_frame   0x00000000      0x1d8 ./output/main.o
